Archive member included to satisfy reference by file (symbol)

/usr/local/Cellar/avr-gcc/6.2.0/lib/gcc/avr/6.2.0/../../../../avr/lib/avrxmega6/libprintf_flt.a(vfprintf_flt.o)
                              (vfprintf)
/usr/local/Cellar/avr-gcc/6.2.0/lib/gcc/avr/6.2.0/../../../../avr/lib/avrxmega6/libscanf_flt.a(vfscanf_flt.o)
                              (vfscanf)
/usr/local/Cellar/avr-gcc/6.2.0/lib/gcc/avr/6.2.0/avrxmega6/libgcc.a(_exit.o)
                              /usr/local/Cellar/avr-gcc/6.2.0/lib/gcc/avr/6.2.0/../../../../avr/lib/avrxmega6/crtatxmega256a3u.o (exit)
/usr/local/Cellar/avr-gcc/6.2.0/lib/gcc/avr/6.2.0/avrxmega6/libgcc.a(_copy_data.o)
                              ./src/main.o (__do_copy_data)
/usr/local/Cellar/avr-gcc/6.2.0/lib/gcc/avr/6.2.0/avrxmega6/libgcc.a(_clear_bss.o)
                              ./src/main.o (__do_clear_bss)
/usr/local/Cellar/avr-gcc/6.2.0/lib/gcc/avr/6.2.0/../../../../avr/lib/avrxmega6/libm.a(floatsisf.o)
                              /usr/local/Cellar/avr-gcc/6.2.0/lib/gcc/avr/6.2.0/../../../../avr/lib/avrxmega6/libscanf_flt.a(vfscanf_flt.o) (__floatunsisf)
/usr/local/Cellar/avr-gcc/6.2.0/lib/gcc/avr/6.2.0/../../../../avr/lib/avrxmega6/libm.a(mulsf3.o)
                              /usr/local/Cellar/avr-gcc/6.2.0/lib/gcc/avr/6.2.0/../../../../avr/lib/avrxmega6/libscanf_flt.a(vfscanf_flt.o) (__mulsf3)
/usr/local/Cellar/avr-gcc/6.2.0/lib/gcc/avr/6.2.0/../../../../avr/lib/avrxmega6/libm.a(mulsf3x.o)
                              /usr/local/Cellar/avr-gcc/6.2.0/lib/gcc/avr/6.2.0/../../../../avr/lib/avrxmega6/libm.a(mulsf3.o) (__mulsf3x)
/usr/local/Cellar/avr-gcc/6.2.0/lib/gcc/avr/6.2.0/../../../../avr/lib/avrxmega6/libm.a(fp_inf.o)
                              /usr/local/Cellar/avr-gcc/6.2.0/lib/gcc/avr/6.2.0/../../../../avr/lib/avrxmega6/libm.a(mulsf3x.o) (__fp_inf)
/usr/local/Cellar/avr-gcc/6.2.0/lib/gcc/avr/6.2.0/../../../../avr/lib/avrxmega6/libm.a(fp_nan.o)
                              /usr/local/Cellar/avr-gcc/6.2.0/lib/gcc/avr/6.2.0/../../../../avr/lib/avrxmega6/libm.a(mulsf3x.o) (__fp_nan)
/usr/local/Cellar/avr-gcc/6.2.0/lib/gcc/avr/6.2.0/../../../../avr/lib/avrxmega6/libm.a(fp_pscA.o)
                              /usr/local/Cellar/avr-gcc/6.2.0/lib/gcc/avr/6.2.0/../../../../avr/lib/avrxmega6/libm.a(mulsf3x.o) (__fp_pscA)
/usr/local/Cellar/avr-gcc/6.2.0/lib/gcc/avr/6.2.0/../../../../avr/lib/avrxmega6/libm.a(fp_pscB.o)
                              /usr/local/Cellar/avr-gcc/6.2.0/lib/gcc/avr/6.2.0/../../../../avr/lib/avrxmega6/libm.a(mulsf3x.o) (__fp_pscB)
/usr/local/Cellar/avr-gcc/6.2.0/lib/gcc/avr/6.2.0/../../../../avr/lib/avrxmega6/libm.a(fp_round.o)
                              /usr/local/Cellar/avr-gcc/6.2.0/lib/gcc/avr/6.2.0/../../../../avr/lib/avrxmega6/libm.a(mulsf3.o) (__fp_round)
/usr/local/Cellar/avr-gcc/6.2.0/lib/gcc/avr/6.2.0/../../../../avr/lib/avrxmega6/libm.a(fp_split3.o)
                              /usr/local/Cellar/avr-gcc/6.2.0/lib/gcc/avr/6.2.0/../../../../avr/lib/avrxmega6/libm.a(mulsf3x.o) (__fp_split3)
/usr/local/Cellar/avr-gcc/6.2.0/lib/gcc/avr/6.2.0/../../../../avr/lib/avrxmega6/libm.a(fp_zero.o)
                              /usr/local/Cellar/avr-gcc/6.2.0/lib/gcc/avr/6.2.0/../../../../avr/lib/avrxmega6/libm.a(mulsf3x.o) (__fp_szero)
/usr/local/Cellar/avr-gcc/6.2.0/lib/gcc/avr/6.2.0/../../../../avr/lib/avrxmega6/libc.a(ftoa_engine.o)
                              /usr/local/Cellar/avr-gcc/6.2.0/lib/gcc/avr/6.2.0/../../../../avr/lib/avrxmega6/libprintf_flt.a(vfprintf_flt.o) (__ftoa_engine)
/usr/local/Cellar/avr-gcc/6.2.0/lib/gcc/avr/6.2.0/../../../../avr/lib/avrxmega6/libc.a(isspace.o)
                              /usr/local/Cellar/avr-gcc/6.2.0/lib/gcc/avr/6.2.0/../../../../avr/lib/avrxmega6/libscanf_flt.a(vfscanf_flt.o) (isspace)
/usr/local/Cellar/avr-gcc/6.2.0/lib/gcc/avr/6.2.0/../../../../avr/lib/avrxmega6/libc.a(tolower.o)
                              /usr/local/Cellar/avr-gcc/6.2.0/lib/gcc/avr/6.2.0/../../../../avr/lib/avrxmega6/libscanf_flt.a(vfscanf_flt.o) (tolower)
/usr/local/Cellar/avr-gcc/6.2.0/lib/gcc/avr/6.2.0/../../../../avr/lib/avrxmega6/libc.a(strchr_P.o)
                              /usr/local/Cellar/avr-gcc/6.2.0/lib/gcc/avr/6.2.0/../../../../avr/lib/avrxmega6/libscanf_flt.a(vfscanf_flt.o) (strchr_P)
/usr/local/Cellar/avr-gcc/6.2.0/lib/gcc/avr/6.2.0/../../../../avr/lib/avrxmega6/libc.a(strnlen_P.o)
                              /usr/local/Cellar/avr-gcc/6.2.0/lib/gcc/avr/6.2.0/../../../../avr/lib/avrxmega6/libprintf_flt.a(vfprintf_flt.o) (strnlen_P)
/usr/local/Cellar/avr-gcc/6.2.0/lib/gcc/avr/6.2.0/../../../../avr/lib/avrxmega6/libc.a(strnlen.o)
                              /usr/local/Cellar/avr-gcc/6.2.0/lib/gcc/avr/6.2.0/../../../../avr/lib/avrxmega6/libprintf_flt.a(vfprintf_flt.o) (strnlen)
/usr/local/Cellar/avr-gcc/6.2.0/lib/gcc/avr/6.2.0/../../../../avr/lib/avrxmega6/libc.a(fgetc.o)
                              /usr/local/Cellar/avr-gcc/6.2.0/lib/gcc/avr/6.2.0/../../../../avr/lib/avrxmega6/libscanf_flt.a(vfscanf_flt.o) (fgetc)
/usr/local/Cellar/avr-gcc/6.2.0/lib/gcc/avr/6.2.0/../../../../avr/lib/avrxmega6/libc.a(fputc.o)
                              /usr/local/Cellar/avr-gcc/6.2.0/lib/gcc/avr/6.2.0/../../../../avr/lib/avrxmega6/libprintf_flt.a(vfprintf_flt.o) (fputc)
/usr/local/Cellar/avr-gcc/6.2.0/lib/gcc/avr/6.2.0/../../../../avr/lib/avrxmega6/libc.a(iob.o)
                              ./src/usartC0.o (__iob)
/usr/local/Cellar/avr-gcc/6.2.0/lib/gcc/avr/6.2.0/../../../../avr/lib/avrxmega6/libc.a(puts.o)
                              ./src/main.o (puts)
/usr/local/Cellar/avr-gcc/6.2.0/lib/gcc/avr/6.2.0/../../../../avr/lib/avrxmega6/libc.a(ungetc.o)
                              /usr/local/Cellar/avr-gcc/6.2.0/lib/gcc/avr/6.2.0/../../../../avr/lib/avrxmega6/libscanf_flt.a(vfscanf_flt.o) (ungetc)
/usr/local/Cellar/avr-gcc/6.2.0/lib/gcc/avr/6.2.0/../../../../avr/lib/avrxmega6/libc.a(ultoa_invert.o)
                              /usr/local/Cellar/avr-gcc/6.2.0/lib/gcc/avr/6.2.0/../../../../avr/lib/avrxmega6/libprintf_flt.a(vfprintf_flt.o) (__ultoa_invert)
/usr/local/Cellar/avr-gcc/6.2.0/lib/gcc/avr/6.2.0/../../../../avr/lib/avrxmega6/libc.a(cty_isfalse.o)
                              /usr/local/Cellar/avr-gcc/6.2.0/lib/gcc/avr/6.2.0/../../../../avr/lib/avrxmega6/libc.a(isspace.o) (__ctype_isfalse)

Allocating common symbols
Common symbol       size              file

c                   0x1               ./src/main.o
__iob               0x6               /usr/local/Cellar/avr-gcc/6.2.0/lib/gcc/avr/6.2.0/../../../../avr/lib/avrxmega6/libc.a(iob.o)

Discarded input sections

 .data          0x0000000000000000        0x0 /usr/local/Cellar/avr-gcc/6.2.0/lib/gcc/avr/6.2.0/../../../../avr/lib/avrxmega6/crtatxmega256a3u.o
 .bss           0x0000000000000000        0x0 /usr/local/Cellar/avr-gcc/6.2.0/lib/gcc/avr/6.2.0/../../../../avr/lib/avrxmega6/crtatxmega256a3u.o
 .text          0x0000000000000000        0x0 /usr/local/Cellar/avr-gcc/6.2.0/lib/gcc/avr/6.2.0/../../../../avr/lib/avrxmega6/libprintf_flt.a(vfprintf_flt.o)
 .data          0x0000000000000000        0x0 /usr/local/Cellar/avr-gcc/6.2.0/lib/gcc/avr/6.2.0/../../../../avr/lib/avrxmega6/libprintf_flt.a(vfprintf_flt.o)
 .bss           0x0000000000000000        0x0 /usr/local/Cellar/avr-gcc/6.2.0/lib/gcc/avr/6.2.0/../../../../avr/lib/avrxmega6/libprintf_flt.a(vfprintf_flt.o)
 .text          0x0000000000000000        0x0 /usr/local/Cellar/avr-gcc/6.2.0/lib/gcc/avr/6.2.0/../../../../avr/lib/avrxmega6/libscanf_flt.a(vfscanf_flt.o)
 .data          0x0000000000000000        0x0 /usr/local/Cellar/avr-gcc/6.2.0/lib/gcc/avr/6.2.0/../../../../avr/lib/avrxmega6/libscanf_flt.a(vfscanf_flt.o)
 .bss           0x0000000000000000        0x0 /usr/local/Cellar/avr-gcc/6.2.0/lib/gcc/avr/6.2.0/../../../../avr/lib/avrxmega6/libscanf_flt.a(vfscanf_flt.o)
 .text          0x0000000000000000        0x0 ./src/main.o
 .data          0x0000000000000000        0x0 ./src/main.o
 .bss           0x0000000000000000        0x0 ./src/main.o
 .text          0x0000000000000000        0x0 ./src/usartC0.o
 .data          0x0000000000000000        0x0 ./src/usartC0.o
 .bss           0x0000000000000000        0x0 ./src/usartC0.o
 .text.usartTx  0x0000000000000000        0xe ./src/usartC0.o
 .text.usartTxString
                0x0000000000000000       0x18 ./src/usartC0.o
 .text.setUp32MHzInternalOsc
                0x0000000000000000       0x1e ./src/usartC0.o
 .text          0x0000000000000000        0x0 /usr/local/Cellar/avr-gcc/6.2.0/lib/gcc/avr/6.2.0/avrxmega6/libgcc.a(_exit.o)
 .data          0x0000000000000000        0x0 /usr/local/Cellar/avr-gcc/6.2.0/lib/gcc/avr/6.2.0/avrxmega6/libgcc.a(_exit.o)
 .bss           0x0000000000000000        0x0 /usr/local/Cellar/avr-gcc/6.2.0/lib/gcc/avr/6.2.0/avrxmega6/libgcc.a(_exit.o)
 .text.libgcc.mul
                0x0000000000000000        0x0 /usr/local/Cellar/avr-gcc/6.2.0/lib/gcc/avr/6.2.0/avrxmega6/libgcc.a(_exit.o)
 .text.libgcc.div
                0x0000000000000000        0x0 /usr/local/Cellar/avr-gcc/6.2.0/lib/gcc/avr/6.2.0/avrxmega6/libgcc.a(_exit.o)
 .text.libgcc   0x0000000000000000        0x0 /usr/local/Cellar/avr-gcc/6.2.0/lib/gcc/avr/6.2.0/avrxmega6/libgcc.a(_exit.o)
 .text.libgcc.prologue
                0x0000000000000000        0x0 /usr/local/Cellar/avr-gcc/6.2.0/lib/gcc/avr/6.2.0/avrxmega6/libgcc.a(_exit.o)
 .text.libgcc.builtins
                0x0000000000000000        0x0 /usr/local/Cellar/avr-gcc/6.2.0/lib/gcc/avr/6.2.0/avrxmega6/libgcc.a(_exit.o)
 .text.libgcc.fmul
                0x0000000000000000        0x0 /usr/local/Cellar/avr-gcc/6.2.0/lib/gcc/avr/6.2.0/avrxmega6/libgcc.a(_exit.o)
 .text.libgcc.fixed
                0x0000000000000000        0x0 /usr/local/Cellar/avr-gcc/6.2.0/lib/gcc/avr/6.2.0/avrxmega6/libgcc.a(_exit.o)
 .text          0x0000000000000000        0x0 /usr/local/Cellar/avr-gcc/6.2.0/lib/gcc/avr/6.2.0/avrxmega6/libgcc.a(_copy_data.o)
 .data          0x0000000000000000        0x0 /usr/local/Cellar/avr-gcc/6.2.0/lib/gcc/avr/6.2.0/avrxmega6/libgcc.a(_copy_data.o)
 .bss           0x0000000000000000        0x0 /usr/local/Cellar/avr-gcc/6.2.0/lib/gcc/avr/6.2.0/avrxmega6/libgcc.a(_copy_data.o)
 .text.libgcc.mul
                0x0000000000000000        0x0 /usr/local/Cellar/avr-gcc/6.2.0/lib/gcc/avr/6.2.0/avrxmega6/libgcc.a(_copy_data.o)
 .text.libgcc.div
                0x0000000000000000        0x0 /usr/local/Cellar/avr-gcc/6.2.0/lib/gcc/avr/6.2.0/avrxmega6/libgcc.a(_copy_data.o)
 .text.libgcc   0x0000000000000000        0x0 /usr/local/Cellar/avr-gcc/6.2.0/lib/gcc/avr/6.2.0/avrxmega6/libgcc.a(_copy_data.o)
 .text.libgcc.prologue
                0x0000000000000000        0x0 /usr/local/Cellar/avr-gcc/6.2.0/lib/gcc/avr/6.2.0/avrxmega6/libgcc.a(_copy_data.o)
 .text.libgcc.builtins
                0x0000000000000000        0x0 /usr/local/Cellar/avr-gcc/6.2.0/lib/gcc/avr/6.2.0/avrxmega6/libgcc.a(_copy_data.o)
 .text.libgcc.fmul
                0x0000000000000000        0x0 /usr/local/Cellar/avr-gcc/6.2.0/lib/gcc/avr/6.2.0/avrxmega6/libgcc.a(_copy_data.o)
 .text.libgcc.fixed
                0x0000000000000000        0x0 /usr/local/Cellar/avr-gcc/6.2.0/lib/gcc/avr/6.2.0/avrxmega6/libgcc.a(_copy_data.o)
 .text          0x0000000000000000        0x0 /usr/local/Cellar/avr-gcc/6.2.0/lib/gcc/avr/6.2.0/avrxmega6/libgcc.a(_clear_bss.o)
 .data          0x0000000000000000        0x0 /usr/local/Cellar/avr-gcc/6.2.0/lib/gcc/avr/6.2.0/avrxmega6/libgcc.a(_clear_bss.o)
 .bss           0x0000000000000000        0x0 /usr/local/Cellar/avr-gcc/6.2.0/lib/gcc/avr/6.2.0/avrxmega6/libgcc.a(_clear_bss.o)
 .text.libgcc.mul
                0x0000000000000000        0x0 /usr/local/Cellar/avr-gcc/6.2.0/lib/gcc/avr/6.2.0/avrxmega6/libgcc.a(_clear_bss.o)
 .text.libgcc.div
                0x0000000000000000        0x0 /usr/local/Cellar/avr-gcc/6.2.0/lib/gcc/avr/6.2.0/avrxmega6/libgcc.a(_clear_bss.o)
 .text.libgcc   0x0000000000000000        0x0 /usr/local/Cellar/avr-gcc/6.2.0/lib/gcc/avr/6.2.0/avrxmega6/libgcc.a(_clear_bss.o)
 .text.libgcc.prologue
                0x0000000000000000        0x0 /usr/local/Cellar/avr-gcc/6.2.0/lib/gcc/avr/6.2.0/avrxmega6/libgcc.a(_clear_bss.o)
 .text.libgcc.builtins
                0x0000000000000000        0x0 /usr/local/Cellar/avr-gcc/6.2.0/lib/gcc/avr/6.2.0/avrxmega6/libgcc.a(_clear_bss.o)
 .text.libgcc.fmul
                0x0000000000000000        0x0 /usr/local/Cellar/avr-gcc/6.2.0/lib/gcc/avr/6.2.0/avrxmega6/libgcc.a(_clear_bss.o)
 .text.libgcc.fixed
                0x0000000000000000        0x0 /usr/local/Cellar/avr-gcc/6.2.0/lib/gcc/avr/6.2.0/avrxmega6/libgcc.a(_clear_bss.o)
 .text          0x0000000000000000        0x0 /usr/local/Cellar/avr-gcc/6.2.0/lib/gcc/avr/6.2.0/../../../../avr/lib/avrxmega6/libm.a(floatsisf.o)
 .data          0x0000000000000000        0x0 /usr/local/Cellar/avr-gcc/6.2.0/lib/gcc/avr/6.2.0/../../../../avr/lib/avrxmega6/libm.a(floatsisf.o)
 .bss           0x0000000000000000        0x0 /usr/local/Cellar/avr-gcc/6.2.0/lib/gcc/avr/6.2.0/../../../../avr/lib/avrxmega6/libm.a(floatsisf.o)
 .text          0x0000000000000000        0x0 /usr/local/Cellar/avr-gcc/6.2.0/lib/gcc/avr/6.2.0/../../../../avr/lib/avrxmega6/libm.a(mulsf3.o)
 .data          0x0000000000000000        0x0 /usr/local/Cellar/avr-gcc/6.2.0/lib/gcc/avr/6.2.0/../../../../avr/lib/avrxmega6/libm.a(mulsf3.o)
 .bss           0x0000000000000000        0x0 /usr/local/Cellar/avr-gcc/6.2.0/lib/gcc/avr/6.2.0/../../../../avr/lib/avrxmega6/libm.a(mulsf3.o)
 .text          0x0000000000000000        0x0 /usr/local/Cellar/avr-gcc/6.2.0/lib/gcc/avr/6.2.0/../../../../avr/lib/avrxmega6/libm.a(mulsf3x.o)
 .data          0x0000000000000000        0x0 /usr/local/Cellar/avr-gcc/6.2.0/lib/gcc/avr/6.2.0/../../../../avr/lib/avrxmega6/libm.a(mulsf3x.o)
 .bss           0x0000000000000000        0x0 /usr/local/Cellar/avr-gcc/6.2.0/lib/gcc/avr/6.2.0/../../../../avr/lib/avrxmega6/libm.a(mulsf3x.o)
 .text          0x0000000000000000        0x0 /usr/local/Cellar/avr-gcc/6.2.0/lib/gcc/avr/6.2.0/../../../../avr/lib/avrxmega6/libm.a(fp_inf.o)
 .data          0x0000000000000000        0x0 /usr/local/Cellar/avr-gcc/6.2.0/lib/gcc/avr/6.2.0/../../../../avr/lib/avrxmega6/libm.a(fp_inf.o)
 .bss           0x0000000000000000        0x0 /usr/local/Cellar/avr-gcc/6.2.0/lib/gcc/avr/6.2.0/../../../../avr/lib/avrxmega6/libm.a(fp_inf.o)
 .text          0x0000000000000000        0x0 /usr/local/Cellar/avr-gcc/6.2.0/lib/gcc/avr/6.2.0/../../../../avr/lib/avrxmega6/libm.a(fp_nan.o)
 .data          0x0000000000000000        0x0 /usr/local/Cellar/avr-gcc/6.2.0/lib/gcc/avr/6.2.0/../../../../avr/lib/avrxmega6/libm.a(fp_nan.o)
 .bss           0x0000000000000000        0x0 /usr/local/Cellar/avr-gcc/6.2.0/lib/gcc/avr/6.2.0/../../../../avr/lib/avrxmega6/libm.a(fp_nan.o)
 .text          0x0000000000000000        0x0 /usr/local/Cellar/avr-gcc/6.2.0/lib/gcc/avr/6.2.0/../../../../avr/lib/avrxmega6/libm.a(fp_pscA.o)
 .data          0x0000000000000000        0x0 /usr/local/Cellar/avr-gcc/6.2.0/lib/gcc/avr/6.2.0/../../../../avr/lib/avrxmega6/libm.a(fp_pscA.o)
 .bss           0x0000000000000000        0x0 /usr/local/Cellar/avr-gcc/6.2.0/lib/gcc/avr/6.2.0/../../../../avr/lib/avrxmega6/libm.a(fp_pscA.o)
 .text          0x0000000000000000        0x0 /usr/local/Cellar/avr-gcc/6.2.0/lib/gcc/avr/6.2.0/../../../../avr/lib/avrxmega6/libm.a(fp_pscB.o)
 .data          0x0000000000000000        0x0 /usr/local/Cellar/avr-gcc/6.2.0/lib/gcc/avr/6.2.0/../../../../avr/lib/avrxmega6/libm.a(fp_pscB.o)
 .bss           0x0000000000000000        0x0 /usr/local/Cellar/avr-gcc/6.2.0/lib/gcc/avr/6.2.0/../../../../avr/lib/avrxmega6/libm.a(fp_pscB.o)
 .text          0x0000000000000000        0x0 /usr/local/Cellar/avr-gcc/6.2.0/lib/gcc/avr/6.2.0/../../../../avr/lib/avrxmega6/libm.a(fp_round.o)
 .data          0x0000000000000000        0x0 /usr/local/Cellar/avr-gcc/6.2.0/lib/gcc/avr/6.2.0/../../../../avr/lib/avrxmega6/libm.a(fp_round.o)
 .bss           0x0000000000000000        0x0 /usr/local/Cellar/avr-gcc/6.2.0/lib/gcc/avr/6.2.0/../../../../avr/lib/avrxmega6/libm.a(fp_round.o)
 .text          0x0000000000000000        0x0 /usr/local/Cellar/avr-gcc/6.2.0/lib/gcc/avr/6.2.0/../../../../avr/lib/avrxmega6/libm.a(fp_split3.o)
 .data          0x0000000000000000        0x0 /usr/local/Cellar/avr-gcc/6.2.0/lib/gcc/avr/6.2.0/../../../../avr/lib/avrxmega6/libm.a(fp_split3.o)
 .bss           0x0000000000000000        0x0 /usr/local/Cellar/avr-gcc/6.2.0/lib/gcc/avr/6.2.0/../../../../avr/lib/avrxmega6/libm.a(fp_split3.o)
 .text          0x0000000000000000        0x0 /usr/local/Cellar/avr-gcc/6.2.0/lib/gcc/avr/6.2.0/../../../../avr/lib/avrxmega6/libm.a(fp_zero.o)
 .data          0x0000000000000000        0x0 /usr/local/Cellar/avr-gcc/6.2.0/lib/gcc/avr/6.2.0/../../../../avr/lib/avrxmega6/libm.a(fp_zero.o)
 .bss           0x0000000000000000        0x0 /usr/local/Cellar/avr-gcc/6.2.0/lib/gcc/avr/6.2.0/../../../../avr/lib/avrxmega6/libm.a(fp_zero.o)
 .text          0x0000000000000000        0x0 /usr/local/Cellar/avr-gcc/6.2.0/lib/gcc/avr/6.2.0/../../../../avr/lib/avrxmega6/libc.a(ftoa_engine.o)
 .data          0x0000000000000000        0x0 /usr/local/Cellar/avr-gcc/6.2.0/lib/gcc/avr/6.2.0/../../../../avr/lib/avrxmega6/libc.a(ftoa_engine.o)
 .bss           0x0000000000000000        0x0 /usr/local/Cellar/avr-gcc/6.2.0/lib/gcc/avr/6.2.0/../../../../avr/lib/avrxmega6/libc.a(ftoa_engine.o)
 .text          0x0000000000000000        0x0 /usr/local/Cellar/avr-gcc/6.2.0/lib/gcc/avr/6.2.0/../../../../avr/lib/avrxmega6/libc.a(isspace.o)
 .data          0x0000000000000000        0x0 /usr/local/Cellar/avr-gcc/6.2.0/lib/gcc/avr/6.2.0/../../../../avr/lib/avrxmega6/libc.a(isspace.o)
 .bss           0x0000000000000000        0x0 /usr/local/Cellar/avr-gcc/6.2.0/lib/gcc/avr/6.2.0/../../../../avr/lib/avrxmega6/libc.a(isspace.o)
 .text          0x0000000000000000        0x0 /usr/local/Cellar/avr-gcc/6.2.0/lib/gcc/avr/6.2.0/../../../../avr/lib/avrxmega6/libc.a(tolower.o)
 .data          0x0000000000000000        0x0 /usr/local/Cellar/avr-gcc/6.2.0/lib/gcc/avr/6.2.0/../../../../avr/lib/avrxmega6/libc.a(tolower.o)
 .bss           0x0000000000000000        0x0 /usr/local/Cellar/avr-gcc/6.2.0/lib/gcc/avr/6.2.0/../../../../avr/lib/avrxmega6/libc.a(tolower.o)
 .text          0x0000000000000000        0x0 /usr/local/Cellar/avr-gcc/6.2.0/lib/gcc/avr/6.2.0/../../../../avr/lib/avrxmega6/libc.a(strchr_P.o)
 .data          0x0000000000000000        0x0 /usr/local/Cellar/avr-gcc/6.2.0/lib/gcc/avr/6.2.0/../../../../avr/lib/avrxmega6/libc.a(strchr_P.o)
 .bss           0x0000000000000000        0x0 /usr/local/Cellar/avr-gcc/6.2.0/lib/gcc/avr/6.2.0/../../../../avr/lib/avrxmega6/libc.a(strchr_P.o)
 .text          0x0000000000000000        0x0 /usr/local/Cellar/avr-gcc/6.2.0/lib/gcc/avr/6.2.0/../../../../avr/lib/avrxmega6/libc.a(strnlen_P.o)
 .data          0x0000000000000000        0x0 /usr/local/Cellar/avr-gcc/6.2.0/lib/gcc/avr/6.2.0/../../../../avr/lib/avrxmega6/libc.a(strnlen_P.o)
 .bss           0x0000000000000000        0x0 /usr/local/Cellar/avr-gcc/6.2.0/lib/gcc/avr/6.2.0/../../../../avr/lib/avrxmega6/libc.a(strnlen_P.o)
 .text          0x0000000000000000        0x0 /usr/local/Cellar/avr-gcc/6.2.0/lib/gcc/avr/6.2.0/../../../../avr/lib/avrxmega6/libc.a(strnlen.o)
 .data          0x0000000000000000        0x0 /usr/local/Cellar/avr-gcc/6.2.0/lib/gcc/avr/6.2.0/../../../../avr/lib/avrxmega6/libc.a(strnlen.o)
 .bss           0x0000000000000000        0x0 /usr/local/Cellar/avr-gcc/6.2.0/lib/gcc/avr/6.2.0/../../../../avr/lib/avrxmega6/libc.a(strnlen.o)
 .text          0x0000000000000000        0x0 /usr/local/Cellar/avr-gcc/6.2.0/lib/gcc/avr/6.2.0/../../../../avr/lib/avrxmega6/libc.a(fgetc.o)
 .data          0x0000000000000000        0x0 /usr/local/Cellar/avr-gcc/6.2.0/lib/gcc/avr/6.2.0/../../../../avr/lib/avrxmega6/libc.a(fgetc.o)
 .bss           0x0000000000000000        0x0 /usr/local/Cellar/avr-gcc/6.2.0/lib/gcc/avr/6.2.0/../../../../avr/lib/avrxmega6/libc.a(fgetc.o)
 .text          0x0000000000000000        0x0 /usr/local/Cellar/avr-gcc/6.2.0/lib/gcc/avr/6.2.0/../../../../avr/lib/avrxmega6/libc.a(fputc.o)
 .data          0x0000000000000000        0x0 /usr/local/Cellar/avr-gcc/6.2.0/lib/gcc/avr/6.2.0/../../../../avr/lib/avrxmega6/libc.a(fputc.o)
 .bss           0x0000000000000000        0x0 /usr/local/Cellar/avr-gcc/6.2.0/lib/gcc/avr/6.2.0/../../../../avr/lib/avrxmega6/libc.a(fputc.o)
 .text          0x0000000000000000        0x0 /usr/local/Cellar/avr-gcc/6.2.0/lib/gcc/avr/6.2.0/../../../../avr/lib/avrxmega6/libc.a(iob.o)
 .data          0x0000000000000000        0x0 /usr/local/Cellar/avr-gcc/6.2.0/lib/gcc/avr/6.2.0/../../../../avr/lib/avrxmega6/libc.a(iob.o)
 .bss           0x0000000000000000        0x0 /usr/local/Cellar/avr-gcc/6.2.0/lib/gcc/avr/6.2.0/../../../../avr/lib/avrxmega6/libc.a(iob.o)
 .text          0x0000000000000000        0x0 /usr/local/Cellar/avr-gcc/6.2.0/lib/gcc/avr/6.2.0/../../../../avr/lib/avrxmega6/libc.a(puts.o)
 .data          0x0000000000000000        0x0 /usr/local/Cellar/avr-gcc/6.2.0/lib/gcc/avr/6.2.0/../../../../avr/lib/avrxmega6/libc.a(puts.o)
 .bss           0x0000000000000000        0x0 /usr/local/Cellar/avr-gcc/6.2.0/lib/gcc/avr/6.2.0/../../../../avr/lib/avrxmega6/libc.a(puts.o)
 .text          0x0000000000000000        0x0 /usr/local/Cellar/avr-gcc/6.2.0/lib/gcc/avr/6.2.0/../../../../avr/lib/avrxmega6/libc.a(ungetc.o)
 .data          0x0000000000000000        0x0 /usr/local/Cellar/avr-gcc/6.2.0/lib/gcc/avr/6.2.0/../../../../avr/lib/avrxmega6/libc.a(ungetc.o)
 .bss           0x0000000000000000        0x0 /usr/local/Cellar/avr-gcc/6.2.0/lib/gcc/avr/6.2.0/../../../../avr/lib/avrxmega6/libc.a(ungetc.o)
 .text          0x0000000000000000        0x0 /usr/local/Cellar/avr-gcc/6.2.0/lib/gcc/avr/6.2.0/../../../../avr/lib/avrxmega6/libc.a(ultoa_invert.o)
 .data          0x0000000000000000        0x0 /usr/local/Cellar/avr-gcc/6.2.0/lib/gcc/avr/6.2.0/../../../../avr/lib/avrxmega6/libc.a(ultoa_invert.o)
 .bss           0x0000000000000000        0x0 /usr/local/Cellar/avr-gcc/6.2.0/lib/gcc/avr/6.2.0/../../../../avr/lib/avrxmega6/libc.a(ultoa_invert.o)
 .text          0x0000000000000000        0x0 /usr/local/Cellar/avr-gcc/6.2.0/lib/gcc/avr/6.2.0/../../../../avr/lib/avrxmega6/libc.a(cty_isfalse.o)
 .data          0x0000000000000000        0x0 /usr/local/Cellar/avr-gcc/6.2.0/lib/gcc/avr/6.2.0/../../../../avr/lib/avrxmega6/libc.a(cty_isfalse.o)
 .bss           0x0000000000000000        0x0 /usr/local/Cellar/avr-gcc/6.2.0/lib/gcc/avr/6.2.0/../../../../avr/lib/avrxmega6/libc.a(cty_isfalse.o)

Memory Configuration

Name             Origin             Length             Attributes
text             0x0000000000000000 0x0000000000100000 xr
data             0x0000000000802000 0x000000000000ffa0 rw !x
eeprom           0x0000000000810000 0x0000000000010000 rw !x
fuse             0x0000000000820000 0x0000000000000400 rw !x
lock             0x0000000000830000 0x0000000000000400 rw !x
signature        0x0000000000840000 0x0000000000000400 rw !x
*default*        0x0000000000000000 0xffffffffffffffff

Linker script and memory map

LOAD /usr/local/Cellar/avr-gcc/6.2.0/lib/gcc/avr/6.2.0/../../../../avr/lib/avrxmega6/crtatxmega256a3u.o
LOAD /usr/local/Cellar/avr-gcc/6.2.0/lib/gcc/avr/6.2.0/../../../../avr/lib/avrxmega6/libprintf_flt.a
LOAD /usr/local/Cellar/avr-gcc/6.2.0/lib/gcc/avr/6.2.0/../../../../avr/lib/avrxmega6/libscanf_flt.a
LOAD ./src/main.o
LOAD ./src/usartC0.o
START GROUP
LOAD /usr/local/Cellar/avr-gcc/6.2.0/lib/gcc/avr/6.2.0/avrxmega6/libgcc.a
LOAD /usr/local/Cellar/avr-gcc/6.2.0/lib/gcc/avr/6.2.0/../../../../avr/lib/avrxmega6/libm.a
LOAD /usr/local/Cellar/avr-gcc/6.2.0/lib/gcc/avr/6.2.0/../../../../avr/lib/avrxmega6/libc.a
LOAD /usr/local/Cellar/avr-gcc/6.2.0/lib/gcc/avr/6.2.0/../../../../avr/lib/avrxmega6/libatxmega256a3u.a
END GROUP

.hash
 *(.hash)

.dynsym
 *(.dynsym)

.dynstr
 *(.dynstr)

.gnu.version
 *(.gnu.version)

.gnu.version_d
 *(.gnu.version_d)

.gnu.version_r
 *(.gnu.version_r)

.rel.init
 *(.rel.init)

.rela.init
 *(.rela.init)

.rel.text
 *(.rel.text)
 *(.rel.text.*)
 *(.rel.gnu.linkonce.t*)

.rela.text
 *(.rela.text)
 *(.rela.text.*)
 *(.rela.gnu.linkonce.t*)

.rel.fini
 *(.rel.fini)

.rela.fini
 *(.rela.fini)

.rel.rodata
 *(.rel.rodata)
 *(.rel.rodata.*)
 *(.rel.gnu.linkonce.r*)

.rela.rodata
 *(.rela.rodata)
 *(.rela.rodata.*)
 *(.rela.gnu.linkonce.r*)

.rel.data
 *(.rel.data)
 *(.rel.data.*)
 *(.rel.gnu.linkonce.d*)

.rela.data
 *(.rela.data)
 *(.rela.data.*)
 *(.rela.gnu.linkonce.d*)

.rel.ctors
 *(.rel.ctors)

.rela.ctors
 *(.rela.ctors)

.rel.dtors
 *(.rel.dtors)

.rela.dtors
 *(.rela.dtors)

.rel.got
 *(.rel.got)

.rela.got
 *(.rela.got)

.rel.bss
 *(.rel.bss)

.rela.bss
 *(.rela.bss)

.rel.plt
 *(.rel.plt)

.rela.plt
 *(.rela.plt)

.text           0x0000000000000000     0x19ec
 *(.vectors)
 .vectors       0x0000000000000000      0x1fc /usr/local/Cellar/avr-gcc/6.2.0/lib/gcc/avr/6.2.0/../../../../avr/lib/avrxmega6/crtatxmega256a3u.o
                0x0000000000000000                __vectors
                0x0000000000000000                __vector_default
 *(.vectors)
 *(.progmem.gcc*)
                0x00000000000001fc                . = ALIGN (0x2)
                0x00000000000001fc                __trampolines_start = .
 *(.trampolines)
 .trampolines   0x00000000000001fc        0x0 linker stubs
 *(.trampolines*)
                0x00000000000001fc                __trampolines_end = .
 *(.progmem*)
 .progmem.data  0x00000000000001fc        0x8 /usr/local/Cellar/avr-gcc/6.2.0/lib/gcc/avr/6.2.0/../../../../avr/lib/avrxmega6/libprintf_flt.a(vfprintf_flt.o)
 .progmem.data  0x0000000000000204       0x4d /usr/local/Cellar/avr-gcc/6.2.0/lib/gcc/avr/6.2.0/../../../../avr/lib/avrxmega6/libscanf_flt.a(vfscanf_flt.o)
 .progmem.data  0x0000000000000251       0xfa /usr/local/Cellar/avr-gcc/6.2.0/lib/gcc/avr/6.2.0/../../../../avr/lib/avrxmega6/libc.a(ftoa_engine.o)
                0x000000000000034c                . = ALIGN (0x2)
 *fill*         0x000000000000034b        0x1 
 *(.jumptables)
 *(.jumptables*)
 *(.lowtext)
 *(.lowtext*)
                0x000000000000034c                __ctors_start = .
 *(.ctors)
                0x000000000000034c                __ctors_end = .
                0x000000000000034c                __dtors_start = .
 *(.dtors)
                0x000000000000034c                __dtors_end = .
 SORT(*)(.ctors)
 SORT(*)(.dtors)
 *(.init0)
 .init0         0x000000000000034c        0x0 /usr/local/Cellar/avr-gcc/6.2.0/lib/gcc/avr/6.2.0/../../../../avr/lib/avrxmega6/crtatxmega256a3u.o
                0x000000000000034c                __init
 *(.init0)
 *(.init1)
 *(.init1)
 *(.init2)
 .init2         0x000000000000034c       0x10 /usr/local/Cellar/avr-gcc/6.2.0/lib/gcc/avr/6.2.0/../../../../avr/lib/avrxmega6/crtatxmega256a3u.o
 *(.init2)
 *(.init3)
 *(.init3)
 *(.init4)
 .init4         0x000000000000035c       0x1a /usr/local/Cellar/avr-gcc/6.2.0/lib/gcc/avr/6.2.0/avrxmega6/libgcc.a(_copy_data.o)
                0x000000000000035c                __do_copy_data
 .init4         0x0000000000000376       0x10 /usr/local/Cellar/avr-gcc/6.2.0/lib/gcc/avr/6.2.0/avrxmega6/libgcc.a(_clear_bss.o)
                0x0000000000000376                __do_clear_bss
 *(.init4)
 *(.init5)
 *(.init5)
 *(.init6)
 *(.init6)
 *(.init7)
 *(.init7)
 *(.init8)
 *(.init8)
 *(.init9)
 .init9         0x0000000000000386        0x6 /usr/local/Cellar/avr-gcc/6.2.0/lib/gcc/avr/6.2.0/../../../../avr/lib/avrxmega6/crtatxmega256a3u.o
 *(.init9)
 *(.text)
 .text          0x000000000000038c        0x2 /usr/local/Cellar/avr-gcc/6.2.0/lib/gcc/avr/6.2.0/../../../../avr/lib/avrxmega6/crtatxmega256a3u.o
                0x000000000000038c                __vector_120
                0x000000000000038c                __vector_104
                0x000000000000038c                __vector_22
                0x000000000000038c                __vector_63
                0x000000000000038c                __vector_28
                0x000000000000038c                __vector_67
                0x000000000000038c                __vector_1
                0x000000000000038c                __vector_119
                0x000000000000038c                __vector_32
                0x000000000000038c                __vector_75
                0x000000000000038c                __vector_71
                0x000000000000038c                __vector_91
                0x000000000000038c                __vector_34
                0x000000000000038c                __vector_62
                0x000000000000038c                __vector_77
                0x000000000000038c                __vector_102
                0x000000000000038c                __vector_24
                0x000000000000038c                __vector_12
                0x000000000000038c                __vector_55
                0x000000000000038c                __vector_69
                0x000000000000038c                __vector_81
                0x000000000000038c                __vector_90
                0x000000000000038c                __vector_46
                0x000000000000038c                __bad_interrupt
                0x000000000000038c                __vector_122
                0x000000000000038c                __vector_72
                0x000000000000038c                __vector_114
                0x000000000000038c                __vector_6
                0x000000000000038c                __vector_110
                0x000000000000038c                __vector_31
                0x000000000000038c                __vector_92
                0x000000000000038c                __vector_35
                0x000000000000038c                __vector_78
                0x000000000000038c                __vector_74
                0x000000000000038c                __vector_117
                0x000000000000038c                __vector_39
                0x000000000000038c                __vector_107
                0x000000000000038c                __vector_3
                0x000000000000038c                __vector_105
                0x000000000000038c                __vector_98
                0x000000000000038c                __vector_23
                0x000000000000038c                __vector_68
                0x000000000000038c                __vector_30
                0x000000000000038c                __vector_73
                0x000000000000038c                __vector_45
                0x000000000000038c                __vector_93
                0x000000000000038c                __vector_61
                0x000000000000038c                __vector_11
                0x000000000000038c                __vector_54
                0x000000000000038c                __vector_99
                0x000000000000038c                __vector_13
                0x000000000000038c                __vector_17
                0x000000000000038c                __vector_19
                0x000000000000038c                __vector_56
                0x000000000000038c                __vector_7
                0x000000000000038c                __vector_125
                0x000000000000038c                __vector_49
                0x000000000000038c                __vector_123
                0x000000000000038c                __vector_41
                0x000000000000038c                __vector_86
                0x000000000000038c                __vector_100
                0x000000000000038c                __vector_101
                0x000000000000038c                __vector_64
                0x000000000000038c                __vector_88
                0x000000000000038c                __vector_109
                0x000000000000038c                __vector_43
                0x000000000000038c                __vector_27
                0x000000000000038c                __vector_5
                0x000000000000038c                __vector_113
                0x000000000000038c                __vector_33
                0x000000000000038c                __vector_76
                0x000000000000038c                __vector_115
                0x000000000000038c                __vector_47
                0x000000000000038c                __vector_52
                0x000000000000038c                __vector_37
                0x000000000000038c                __vector_95
                0x000000000000038c                __vector_103
                0x000000000000038c                __vector_96
                0x000000000000038c                __vector_89
                0x000000000000038c                __vector_108
                0x000000000000038c                __vector_4
                0x000000000000038c                __vector_44
                0x000000000000038c                __vector_82
                0x000000000000038c                __vector_106
                0x000000000000038c                __vector_118
                0x000000000000038c                __vector_51
                0x000000000000038c                __vector_9
                0x000000000000038c                __vector_2
                0x000000000000038c                __vector_21
                0x000000000000038c                __vector_15
                0x000000000000038c                __vector_66
                0x000000000000038c                __vector_36
                0x000000000000038c                __vector_79
                0x000000000000038c                __vector_58
                0x000000000000038c                __vector_70
                0x000000000000038c                __vector_83
                0x000000000000038c                __vector_29
                0x000000000000038c                __vector_60
                0x000000000000038c                __vector_121
                0x000000000000038c                __vector_40
                0x000000000000038c                __vector_85
                0x000000000000038c                __vector_94
                0x000000000000038c                __vector_126
                0x000000000000038c                __vector_8
                0x000000000000038c                __vector_26
                0x000000000000038c                __vector_48
                0x000000000000038c                __vector_124
                0x000000000000038c                __vector_116
                0x000000000000038c                __vector_112
                0x000000000000038c                __vector_111
                0x000000000000038c                __vector_80
                0x000000000000038c                __vector_14
                0x000000000000038c                __vector_84
                0x000000000000038c                __vector_57
                0x000000000000038c                __vector_53
                0x000000000000038c                __vector_10
                0x000000000000038c                __vector_50
                0x000000000000038c                __vector_16
                0x000000000000038c                __vector_59
                0x000000000000038c                __vector_18
                0x000000000000038c                __vector_97
                0x000000000000038c                __vector_20
                0x000000000000038c                __vector_42
                0x000000000000038c                __vector_87
                0x000000000000038c                __vector_65
                0x000000000000038c                __vector_38
                0x000000000000038e                . = ALIGN (0x2)
 *(.text.*)
 .text.avr-libc
                0x000000000000038e      0x73e /usr/local/Cellar/avr-gcc/6.2.0/lib/gcc/avr/6.2.0/../../../../avr/lib/avrxmega6/libprintf_flt.a(vfprintf_flt.o)
                0x000000000000038e                vfprintf
 .text.avr-libc
                0x0000000000000acc      0x800 /usr/local/Cellar/avr-gcc/6.2.0/lib/gcc/avr/6.2.0/../../../../avr/lib/avrxmega6/libscanf_flt.a(vfscanf_flt.o)
                0x0000000000001072                vfscanf
 .text.__vector_25
                0x00000000000012cc       0x58 ./src/main.o
                0x00000000000012cc                __vector_25
 .text.startup.main
                0x0000000000001324        0x8 ./src/main.o
                0x0000000000001324                main
 .text.usart_putchar
                0x000000000000132c       0x20 ./src/usartC0.o
 .text.usart_getchar
                0x000000000000134c       0x20 ./src/usartC0.o
 .text.usartInit
                0x000000000000136c       0x30 ./src/usartC0.o
                0x000000000000136c                usartInit
 .text.usartInterruptInit
                0x000000000000139c       0x18 ./src/usartC0.o
                0x000000000000139c                usartInterruptInit
 .text.usartRx  0x00000000000013b4        0xe ./src/usartC0.o
                0x00000000000013b4                usartRx
 .text.usartFlush
                0x00000000000013c2        0xe ./src/usartC0.o
                0x00000000000013c2                usartFlush
 .text.avr-libc.fplib
                0x00000000000013d0       0x7a /usr/local/Cellar/avr-gcc/6.2.0/lib/gcc/avr/6.2.0/../../../../avr/lib/avrxmega6/libm.a(floatsisf.o)
                0x00000000000013d0                __floatunsisf
                0x00000000000013d4                __floatsisf
 .text.avr-libc.fplib
                0x000000000000144a        0x4 /usr/local/Cellar/avr-gcc/6.2.0/lib/gcc/avr/6.2.0/../../../../avr/lib/avrxmega6/libm.a(mulsf3.o)
                0x000000000000144a                __mulsf3
 .text.avr-libc.fplib
                0x000000000000144e       0xc2 /usr/local/Cellar/avr-gcc/6.2.0/lib/gcc/avr/6.2.0/../../../../avr/lib/avrxmega6/libm.a(mulsf3x.o)
                0x0000000000001462                __mulsf3x
                0x0000000000001466                __mulsf3_pse
 .text.avr-libc.fplib
                0x0000000000001510        0xc /usr/local/Cellar/avr-gcc/6.2.0/lib/gcc/avr/6.2.0/../../../../avr/lib/avrxmega6/libm.a(fp_inf.o)
                0x0000000000001510                __fp_inf
 .text.avr-libc.fplib
                0x000000000000151c        0x6 /usr/local/Cellar/avr-gcc/6.2.0/lib/gcc/avr/6.2.0/../../../../avr/lib/avrxmega6/libm.a(fp_nan.o)
                0x000000000000151c                __fp_nan
 .text.avr-libc.fplib
                0x0000000000001522        0xe /usr/local/Cellar/avr-gcc/6.2.0/lib/gcc/avr/6.2.0/../../../../avr/lib/avrxmega6/libm.a(fp_pscA.o)
                0x0000000000001522                __fp_pscA
 .text.avr-libc.fplib
                0x0000000000001530        0xe /usr/local/Cellar/avr-gcc/6.2.0/lib/gcc/avr/6.2.0/../../../../avr/lib/avrxmega6/libm.a(fp_pscB.o)
                0x0000000000001530                __fp_pscB
 .text.avr-libc.fplib
                0x000000000000153e       0x22 /usr/local/Cellar/avr-gcc/6.2.0/lib/gcc/avr/6.2.0/../../../../avr/lib/avrxmega6/libm.a(fp_round.o)
                0x000000000000153e                __fp_round
 .text.avr-libc.fplib
                0x0000000000001560       0x44 /usr/local/Cellar/avr-gcc/6.2.0/lib/gcc/avr/6.2.0/../../../../avr/lib/avrxmega6/libm.a(fp_split3.o)
                0x0000000000001560                __fp_split3
                0x0000000000001570                __fp_splitA
 .text.avr-libc.fplib
                0x00000000000015a4        0xe /usr/local/Cellar/avr-gcc/6.2.0/lib/gcc/avr/6.2.0/../../../../avr/lib/avrxmega6/libm.a(fp_zero.o)
                0x00000000000015a4                __fp_zero
                0x00000000000015a6                __fp_szero
 .text.avr-libc
                0x00000000000015b2      0x1b0 /usr/local/Cellar/avr-gcc/6.2.0/lib/gcc/avr/6.2.0/../../../../avr/lib/avrxmega6/libc.a(ftoa_engine.o)
                0x00000000000015b2                __ftoa_engine
 .text.avr-libc
                0x0000000000001762       0x10 /usr/local/Cellar/avr-gcc/6.2.0/lib/gcc/avr/6.2.0/../../../../avr/lib/avrxmega6/libc.a(isspace.o)
                0x0000000000001762                isspace
 .text.avr-libc
                0x0000000000001772       0x10 /usr/local/Cellar/avr-gcc/6.2.0/lib/gcc/avr/6.2.0/../../../../avr/lib/avrxmega6/libc.a(tolower.o)
                0x0000000000001772                tolower
 .text.avr-libc
                0x0000000000001782       0x16 /usr/local/Cellar/avr-gcc/6.2.0/lib/gcc/avr/6.2.0/../../../../avr/lib/avrxmega6/libc.a(strchr_P.o)
                0x0000000000001782                strchr_P
 .text.avr-libc
                0x0000000000001798       0x16 /usr/local/Cellar/avr-gcc/6.2.0/lib/gcc/avr/6.2.0/../../../../avr/lib/avrxmega6/libc.a(strnlen_P.o)
                0x0000000000001798                strnlen_P
 .text.avr-libc
                0x00000000000017ae       0x16 /usr/local/Cellar/avr-gcc/6.2.0/lib/gcc/avr/6.2.0/../../../../avr/lib/avrxmega6/libc.a(strnlen.o)
                0x00000000000017ae                strnlen
 .text.avr-libc
                0x00000000000017c4       0x78 /usr/local/Cellar/avr-gcc/6.2.0/lib/gcc/avr/6.2.0/../../../../avr/lib/avrxmega6/libc.a(fgetc.o)
                0x00000000000017c4                fgetc
 .text.avr-libc
                0x000000000000183c       0x60 /usr/local/Cellar/avr-gcc/6.2.0/lib/gcc/avr/6.2.0/../../../../avr/lib/avrxmega6/libc.a(fputc.o)
                0x000000000000183c                fputc
 .text.avr-libc
                0x000000000000189c       0x58 /usr/local/Cellar/avr-gcc/6.2.0/lib/gcc/avr/6.2.0/../../../../avr/lib/avrxmega6/libc.a(puts.o)
                0x000000000000189c                puts
 .text.avr-libc
                0x00000000000018f4       0x32 /usr/local/Cellar/avr-gcc/6.2.0/lib/gcc/avr/6.2.0/../../../../avr/lib/avrxmega6/libc.a(ungetc.o)
                0x00000000000018f4                ungetc
 .text.avr-libc
                0x0000000000001926       0xbc /usr/local/Cellar/avr-gcc/6.2.0/lib/gcc/avr/6.2.0/../../../../avr/lib/avrxmega6/libc.a(ultoa_invert.o)
                0x0000000000001926                __ultoa_invert
 .text.avr-libc
                0x00000000000019e2        0x6 /usr/local/Cellar/avr-gcc/6.2.0/lib/gcc/avr/6.2.0/../../../../avr/lib/avrxmega6/libc.a(cty_isfalse.o)
                0x00000000000019e2                __ctype_isfalse
                0x00000000000019e6                __ctype_istrue
                0x00000000000019e8                . = ALIGN (0x2)
 *(.fini9)
 .fini9         0x00000000000019e8        0x0 /usr/local/Cellar/avr-gcc/6.2.0/lib/gcc/avr/6.2.0/avrxmega6/libgcc.a(_exit.o)
                0x00000000000019e8                exit
                0x00000000000019e8                _exit
 *(.fini9)
 *(.fini8)
 *(.fini8)
 *(.fini7)
 *(.fini7)
 *(.fini6)
 *(.fini6)
 *(.fini5)
 *(.fini5)
 *(.fini4)
 *(.fini4)
 *(.fini3)
 *(.fini3)
 *(.fini2)
 *(.fini2)
 *(.fini1)
 *(.fini1)
 *(.fini0)
 .fini0         0x00000000000019e8        0x4 /usr/local/Cellar/avr-gcc/6.2.0/lib/gcc/avr/6.2.0/avrxmega6/libgcc.a(_exit.o)
 *(.fini0)
                0x00000000000019ec                _etext = .

.data           0x0000000000802000       0x1c load address 0x00000000000019ec
                0x0000000000802000                PROVIDE (__data_start, .)
 *(.data)
 *(.data*)
 .data.usartio  0x0000000000802000        0xe ./src/usartC0.o
                0x0000000000802000                usartio
 *(.rodata)
 *(.rodata*)
 .rodata.__vector_25.str1.1
                0x000000000080200e        0xd ./src/main.o
 *(.gnu.linkonce.d*)
                0x000000000080201c                . = ALIGN (0x2)
 *fill*         0x000000000080201b        0x1 
                0x000000000080201c                _edata = .
                0x000000000080201c                PROVIDE (__data_end, .)

.bss            0x000000000080201c        0x7
                0x000000000080201c                PROVIDE (__bss_start, .)
 *(.bss)
 *(.bss*)
 *(COMMON)
 COMMON         0x000000000080201c        0x1 ./src/main.o
                0x000000000080201c                c
 COMMON         0x000000000080201d        0x6 /usr/local/Cellar/avr-gcc/6.2.0/lib/gcc/avr/6.2.0/../../../../avr/lib/avrxmega6/libc.a(iob.o)
                0x000000000080201d                __iob
                0x0000000000802023                PROVIDE (__bss_end, .)
                0x00000000000019ec                __data_load_start = LOADADDR (.data)
                0x0000000000001a08                __data_load_end = (__data_load_start + SIZEOF (.data))

.noinit         0x0000000000802023        0x0
                0x0000000000802023                PROVIDE (__noinit_start, .)
 *(.noinit*)
                0x0000000000802023                PROVIDE (__noinit_end, .)
                0x0000000000802023                _end = .
                0x0000000000802023                PROVIDE (__heap_start, .)

.eeprom         0x0000000000810000        0x0
 *(.eeprom*)
                0x0000000000810000                __eeprom_end = .

.fuse
 *(.fuse)
 *(.lfuse)
 *(.hfuse)
 *(.efuse)

.lock
 *(.lock*)

.signature
 *(.signature*)

.stab           0x0000000000000000      0x21c
 *(.stab)
 .stab          0x0000000000000000       0x78 /usr/local/Cellar/avr-gcc/6.2.0/lib/gcc/avr/6.2.0/avrxmega6/libgcc.a(_exit.o)
 .stab          0x0000000000000078       0xf0 /usr/local/Cellar/avr-gcc/6.2.0/lib/gcc/avr/6.2.0/avrxmega6/libgcc.a(_copy_data.o)
                                         0xfc (size before relaxing)
 .stab          0x0000000000000168       0xb4 /usr/local/Cellar/avr-gcc/6.2.0/lib/gcc/avr/6.2.0/avrxmega6/libgcc.a(_clear_bss.o)
                                         0xc0 (size before relaxing)

.stabstr        0x0000000000000000       0x92
 *(.stabstr)
 .stabstr       0x0000000000000000       0x92 /usr/local/Cellar/avr-gcc/6.2.0/lib/gcc/avr/6.2.0/avrxmega6/libgcc.a(_exit.o)

.stab.excl
 *(.stab.excl)

.stab.exclstr
 *(.stab.exclstr)

.stab.index
 *(.stab.index)

.stab.indexstr
 *(.stab.indexstr)

.comment        0x0000000000000000       0x11
 *(.comment)
 .comment       0x0000000000000000       0x11 /usr/local/Cellar/avr-gcc/6.2.0/lib/gcc/avr/6.2.0/../../../../avr/lib/avrxmega6/libprintf_flt.a(vfprintf_flt.o)
                                         0x12 (size before relaxing)
 .comment       0x0000000000000011       0x12 /usr/local/Cellar/avr-gcc/6.2.0/lib/gcc/avr/6.2.0/../../../../avr/lib/avrxmega6/libscanf_flt.a(vfscanf_flt.o)
 .comment       0x0000000000000011       0x12 ./src/main.o
 .comment       0x0000000000000011       0x12 ./src/usartC0.o
 .comment       0x0000000000000011       0x12 /usr/local/Cellar/avr-gcc/6.2.0/lib/gcc/avr/6.2.0/../../../../avr/lib/avrxmega6/libc.a(fgetc.o)
 .comment       0x0000000000000011       0x12 /usr/local/Cellar/avr-gcc/6.2.0/lib/gcc/avr/6.2.0/../../../../avr/lib/avrxmega6/libc.a(fputc.o)
 .comment       0x0000000000000011       0x12 /usr/local/Cellar/avr-gcc/6.2.0/lib/gcc/avr/6.2.0/../../../../avr/lib/avrxmega6/libc.a(iob.o)
 .comment       0x0000000000000011       0x12 /usr/local/Cellar/avr-gcc/6.2.0/lib/gcc/avr/6.2.0/../../../../avr/lib/avrxmega6/libc.a(puts.o)
 .comment       0x0000000000000011       0x12 /usr/local/Cellar/avr-gcc/6.2.0/lib/gcc/avr/6.2.0/../../../../avr/lib/avrxmega6/libc.a(ungetc.o)

.note.gnu.avr.deviceinfo
                0x0000000000000000       0x40
 .note.gnu.avr.deviceinfo
                0x0000000000000000       0x40 /usr/local/Cellar/avr-gcc/6.2.0/lib/gcc/avr/6.2.0/../../../../avr/lib/avrxmega6/crtatxmega256a3u.o

.note.gnu.build-id
 *(.note.gnu.build-id)

.debug
 *(.debug)

.line
 *(.line)

.debug_srcinfo
 *(.debug_srcinfo)

.debug_sfnames
 *(.debug_sfnames)

.debug_aranges  0x0000000000000000       0x88
 *(.debug_aranges)
 .debug_aranges
                0x0000000000000000       0x28 ./src/main.o
 .debug_aranges
                0x0000000000000028       0x60 ./src/usartC0.o

.debug_pubnames
 *(.debug_pubnames)

.debug_info     0x0000000000000000     0x3cd4
 *(.debug_info .gnu.linkonce.wi.*)
 .debug_info    0x0000000000000000     0x3409 /usr/local/Cellar/avr-gcc/6.2.0/lib/gcc/avr/6.2.0/../../../../avr/lib/avrxmega6/crtatxmega256a3u.o
 .debug_info    0x0000000000003409      0x225 ./src/main.o
 .debug_info    0x000000000000362e      0x6a6 ./src/usartC0.o

.debug_abbrev   0x0000000000000000     0x34cd
 *(.debug_abbrev)
 .debug_abbrev  0x0000000000000000     0x3148 /usr/local/Cellar/avr-gcc/6.2.0/lib/gcc/avr/6.2.0/../../../../avr/lib/avrxmega6/crtatxmega256a3u.o
 .debug_abbrev  0x0000000000003148      0x15c ./src/main.o
 .debug_abbrev  0x00000000000032a4      0x229 ./src/usartC0.o

.debug_line     0x0000000000000000      0x320
 *(.debug_line .debug_line.* .debug_line_end)
 .debug_line    0x0000000000000000       0x1d /usr/local/Cellar/avr-gcc/6.2.0/lib/gcc/avr/6.2.0/../../../../avr/lib/avrxmega6/crtatxmega256a3u.o
 .debug_line    0x000000000000001d       0xcd ./src/main.o
 .debug_line    0x00000000000000ea      0x236 ./src/usartC0.o

.debug_frame    0x0000000000000000      0x13c
 *(.debug_frame)
 .debug_frame   0x0000000000000000       0x7c ./src/main.o
 .debug_frame   0x000000000000007c       0xc0 ./src/usartC0.o

.debug_str      0x0000000000000000     0x2712
 *(.debug_str)
 .debug_str     0x0000000000000000     0x223b /usr/local/Cellar/avr-gcc/6.2.0/lib/gcc/avr/6.2.0/../../../../avr/lib/avrxmega6/crtatxmega256a3u.o
 .debug_str     0x000000000000223b      0x18e ./src/main.o
                                        0x1cc (size before relaxing)
 .debug_str     0x00000000000023c9      0x349 ./src/usartC0.o
                                        0x4fb (size before relaxing)

.debug_loc      0x0000000000000000      0x228
 *(.debug_loc)
 .debug_loc     0x0000000000000000       0xcb ./src/main.o
 .debug_loc     0x00000000000000cb      0x15d ./src/usartC0.o

.debug_macinfo
 *(.debug_macinfo)

.debug_weaknames
 *(.debug_weaknames)

.debug_funcnames
 *(.debug_funcnames)

.debug_typenames
 *(.debug_typenames)

.debug_varnames
 *(.debug_varnames)

.debug_pubtypes
 *(.debug_pubtypes)

.debug_ranges   0x0000000000000000       0x68
 *(.debug_ranges)
 .debug_ranges  0x0000000000000000       0x18 ./src/main.o
 .debug_ranges  0x0000000000000018       0x50 ./src/usartC0.o

.debug_macro
 *(.debug_macro)
OUTPUT(ATxmega-BLE.elf elf32-avr)
LOAD linker stubs

Cross Reference Table

Symbol                                            File
__bad_interrupt                                   /usr/local/Cellar/avr-gcc/6.2.0/lib/gcc/avr/6.2.0/../../../../avr/lib/avrxmega6/crtatxmega256a3u.o
__bss_end                                         /usr/local/Cellar/avr-gcc/6.2.0/lib/gcc/avr/6.2.0/avrxmega6/libgcc.a(_clear_bss.o)
__bss_start                                       /usr/local/Cellar/avr-gcc/6.2.0/lib/gcc/avr/6.2.0/avrxmega6/libgcc.a(_clear_bss.o)
__ctype_isfalse                                   /usr/local/Cellar/avr-gcc/6.2.0/lib/gcc/avr/6.2.0/../../../../avr/lib/avrxmega6/libc.a(cty_isfalse.o)
                                                  /usr/local/Cellar/avr-gcc/6.2.0/lib/gcc/avr/6.2.0/../../../../avr/lib/avrxmega6/libc.a(isspace.o)
__ctype_istrue                                    /usr/local/Cellar/avr-gcc/6.2.0/lib/gcc/avr/6.2.0/../../../../avr/lib/avrxmega6/libc.a(cty_isfalse.o)
__data_end                                        /usr/local/Cellar/avr-gcc/6.2.0/lib/gcc/avr/6.2.0/avrxmega6/libgcc.a(_copy_data.o)
__data_load_start                                 /usr/local/Cellar/avr-gcc/6.2.0/lib/gcc/avr/6.2.0/avrxmega6/libgcc.a(_copy_data.o)
__data_start                                      /usr/local/Cellar/avr-gcc/6.2.0/lib/gcc/avr/6.2.0/avrxmega6/libgcc.a(_copy_data.o)
__do_clear_bss                                    /usr/local/Cellar/avr-gcc/6.2.0/lib/gcc/avr/6.2.0/avrxmega6/libgcc.a(_clear_bss.o)
                                                  /usr/local/Cellar/avr-gcc/6.2.0/lib/gcc/avr/6.2.0/../../../../avr/lib/avrxmega6/libc.a(iob.o)
                                                  ./src/main.o
__do_copy_data                                    /usr/local/Cellar/avr-gcc/6.2.0/lib/gcc/avr/6.2.0/avrxmega6/libgcc.a(_copy_data.o)
                                                  ./src/usartC0.o
                                                  ./src/main.o
__floatsisf                                       /usr/local/Cellar/avr-gcc/6.2.0/lib/gcc/avr/6.2.0/../../../../avr/lib/avrxmega6/libm.a(floatsisf.o)
__floatunsisf                                     /usr/local/Cellar/avr-gcc/6.2.0/lib/gcc/avr/6.2.0/../../../../avr/lib/avrxmega6/libm.a(floatsisf.o)
                                                  /usr/local/Cellar/avr-gcc/6.2.0/lib/gcc/avr/6.2.0/../../../../avr/lib/avrxmega6/libscanf_flt.a(vfscanf_flt.o)
__fp_inf                                          /usr/local/Cellar/avr-gcc/6.2.0/lib/gcc/avr/6.2.0/../../../../avr/lib/avrxmega6/libm.a(fp_inf.o)
                                                  /usr/local/Cellar/avr-gcc/6.2.0/lib/gcc/avr/6.2.0/../../../../avr/lib/avrxmega6/libm.a(mulsf3x.o)
__fp_nan                                          /usr/local/Cellar/avr-gcc/6.2.0/lib/gcc/avr/6.2.0/../../../../avr/lib/avrxmega6/libm.a(fp_nan.o)
                                                  /usr/local/Cellar/avr-gcc/6.2.0/lib/gcc/avr/6.2.0/../../../../avr/lib/avrxmega6/libm.a(mulsf3x.o)
__fp_pscA                                         /usr/local/Cellar/avr-gcc/6.2.0/lib/gcc/avr/6.2.0/../../../../avr/lib/avrxmega6/libm.a(fp_pscA.o)
                                                  /usr/local/Cellar/avr-gcc/6.2.0/lib/gcc/avr/6.2.0/../../../../avr/lib/avrxmega6/libm.a(mulsf3x.o)
__fp_pscB                                         /usr/local/Cellar/avr-gcc/6.2.0/lib/gcc/avr/6.2.0/../../../../avr/lib/avrxmega6/libm.a(fp_pscB.o)
                                                  /usr/local/Cellar/avr-gcc/6.2.0/lib/gcc/avr/6.2.0/../../../../avr/lib/avrxmega6/libm.a(mulsf3x.o)
__fp_round                                        /usr/local/Cellar/avr-gcc/6.2.0/lib/gcc/avr/6.2.0/../../../../avr/lib/avrxmega6/libm.a(fp_round.o)
                                                  /usr/local/Cellar/avr-gcc/6.2.0/lib/gcc/avr/6.2.0/../../../../avr/lib/avrxmega6/libm.a(mulsf3.o)
__fp_split3                                       /usr/local/Cellar/avr-gcc/6.2.0/lib/gcc/avr/6.2.0/../../../../avr/lib/avrxmega6/libm.a(fp_split3.o)
                                                  /usr/local/Cellar/avr-gcc/6.2.0/lib/gcc/avr/6.2.0/../../../../avr/lib/avrxmega6/libm.a(mulsf3x.o)
__fp_splitA                                       /usr/local/Cellar/avr-gcc/6.2.0/lib/gcc/avr/6.2.0/../../../../avr/lib/avrxmega6/libm.a(fp_split3.o)
__fp_szero                                        /usr/local/Cellar/avr-gcc/6.2.0/lib/gcc/avr/6.2.0/../../../../avr/lib/avrxmega6/libm.a(fp_zero.o)
                                                  /usr/local/Cellar/avr-gcc/6.2.0/lib/gcc/avr/6.2.0/../../../../avr/lib/avrxmega6/libm.a(mulsf3x.o)
__fp_zero                                         /usr/local/Cellar/avr-gcc/6.2.0/lib/gcc/avr/6.2.0/../../../../avr/lib/avrxmega6/libm.a(fp_zero.o)
__ftoa_engine                                     /usr/local/Cellar/avr-gcc/6.2.0/lib/gcc/avr/6.2.0/../../../../avr/lib/avrxmega6/libc.a(ftoa_engine.o)
                                                  /usr/local/Cellar/avr-gcc/6.2.0/lib/gcc/avr/6.2.0/../../../../avr/lib/avrxmega6/libprintf_flt.a(vfprintf_flt.o)
__heap_end                                        /usr/local/Cellar/avr-gcc/6.2.0/lib/gcc/avr/6.2.0/../../../../avr/lib/avrxmega6/crtatxmega256a3u.o
__init                                            /usr/local/Cellar/avr-gcc/6.2.0/lib/gcc/avr/6.2.0/../../../../avr/lib/avrxmega6/crtatxmega256a3u.o
__iob                                             /usr/local/Cellar/avr-gcc/6.2.0/lib/gcc/avr/6.2.0/../../../../avr/lib/avrxmega6/libc.a(iob.o)
                                                  /usr/local/Cellar/avr-gcc/6.2.0/lib/gcc/avr/6.2.0/../../../../avr/lib/avrxmega6/libc.a(puts.o)
                                                  ./src/usartC0.o
__mulsf3                                          /usr/local/Cellar/avr-gcc/6.2.0/lib/gcc/avr/6.2.0/../../../../avr/lib/avrxmega6/libm.a(mulsf3.o)
                                                  /usr/local/Cellar/avr-gcc/6.2.0/lib/gcc/avr/6.2.0/../../../../avr/lib/avrxmega6/libscanf_flt.a(vfscanf_flt.o)
__mulsf3_pse                                      /usr/local/Cellar/avr-gcc/6.2.0/lib/gcc/avr/6.2.0/../../../../avr/lib/avrxmega6/libm.a(mulsf3x.o)
__mulsf3x                                         /usr/local/Cellar/avr-gcc/6.2.0/lib/gcc/avr/6.2.0/../../../../avr/lib/avrxmega6/libm.a(mulsf3x.o)
                                                  /usr/local/Cellar/avr-gcc/6.2.0/lib/gcc/avr/6.2.0/../../../../avr/lib/avrxmega6/libm.a(mulsf3.o)
__stack                                           /usr/local/Cellar/avr-gcc/6.2.0/lib/gcc/avr/6.2.0/../../../../avr/lib/avrxmega6/crtatxmega256a3u.o
__ultoa_invert                                    /usr/local/Cellar/avr-gcc/6.2.0/lib/gcc/avr/6.2.0/../../../../avr/lib/avrxmega6/libc.a(ultoa_invert.o)
                                                  /usr/local/Cellar/avr-gcc/6.2.0/lib/gcc/avr/6.2.0/../../../../avr/lib/avrxmega6/libprintf_flt.a(vfprintf_flt.o)
__vector_1                                        /usr/local/Cellar/avr-gcc/6.2.0/lib/gcc/avr/6.2.0/../../../../avr/lib/avrxmega6/crtatxmega256a3u.o
__vector_10                                       /usr/local/Cellar/avr-gcc/6.2.0/lib/gcc/avr/6.2.0/../../../../avr/lib/avrxmega6/crtatxmega256a3u.o
__vector_100                                      /usr/local/Cellar/avr-gcc/6.2.0/lib/gcc/avr/6.2.0/../../../../avr/lib/avrxmega6/crtatxmega256a3u.o
__vector_101                                      /usr/local/Cellar/avr-gcc/6.2.0/lib/gcc/avr/6.2.0/../../../../avr/lib/avrxmega6/crtatxmega256a3u.o
__vector_102                                      /usr/local/Cellar/avr-gcc/6.2.0/lib/gcc/avr/6.2.0/../../../../avr/lib/avrxmega6/crtatxmega256a3u.o
__vector_103                                      /usr/local/Cellar/avr-gcc/6.2.0/lib/gcc/avr/6.2.0/../../../../avr/lib/avrxmega6/crtatxmega256a3u.o
__vector_104                                      /usr/local/Cellar/avr-gcc/6.2.0/lib/gcc/avr/6.2.0/../../../../avr/lib/avrxmega6/crtatxmega256a3u.o
__vector_105                                      /usr/local/Cellar/avr-gcc/6.2.0/lib/gcc/avr/6.2.0/../../../../avr/lib/avrxmega6/crtatxmega256a3u.o
__vector_106                                      /usr/local/Cellar/avr-gcc/6.2.0/lib/gcc/avr/6.2.0/../../../../avr/lib/avrxmega6/crtatxmega256a3u.o
__vector_107                                      /usr/local/Cellar/avr-gcc/6.2.0/lib/gcc/avr/6.2.0/../../../../avr/lib/avrxmega6/crtatxmega256a3u.o
__vector_108                                      /usr/local/Cellar/avr-gcc/6.2.0/lib/gcc/avr/6.2.0/../../../../avr/lib/avrxmega6/crtatxmega256a3u.o
__vector_109                                      /usr/local/Cellar/avr-gcc/6.2.0/lib/gcc/avr/6.2.0/../../../../avr/lib/avrxmega6/crtatxmega256a3u.o
__vector_11                                       /usr/local/Cellar/avr-gcc/6.2.0/lib/gcc/avr/6.2.0/../../../../avr/lib/avrxmega6/crtatxmega256a3u.o
__vector_110                                      /usr/local/Cellar/avr-gcc/6.2.0/lib/gcc/avr/6.2.0/../../../../avr/lib/avrxmega6/crtatxmega256a3u.o
__vector_111                                      /usr/local/Cellar/avr-gcc/6.2.0/lib/gcc/avr/6.2.0/../../../../avr/lib/avrxmega6/crtatxmega256a3u.o
__vector_112                                      /usr/local/Cellar/avr-gcc/6.2.0/lib/gcc/avr/6.2.0/../../../../avr/lib/avrxmega6/crtatxmega256a3u.o
__vector_113                                      /usr/local/Cellar/avr-gcc/6.2.0/lib/gcc/avr/6.2.0/../../../../avr/lib/avrxmega6/crtatxmega256a3u.o
__vector_114                                      /usr/local/Cellar/avr-gcc/6.2.0/lib/gcc/avr/6.2.0/../../../../avr/lib/avrxmega6/crtatxmega256a3u.o
__vector_115                                      /usr/local/Cellar/avr-gcc/6.2.0/lib/gcc/avr/6.2.0/../../../../avr/lib/avrxmega6/crtatxmega256a3u.o
__vector_116                                      /usr/local/Cellar/avr-gcc/6.2.0/lib/gcc/avr/6.2.0/../../../../avr/lib/avrxmega6/crtatxmega256a3u.o
__vector_117                                      /usr/local/Cellar/avr-gcc/6.2.0/lib/gcc/avr/6.2.0/../../../../avr/lib/avrxmega6/crtatxmega256a3u.o
__vector_118                                      /usr/local/Cellar/avr-gcc/6.2.0/lib/gcc/avr/6.2.0/../../../../avr/lib/avrxmega6/crtatxmega256a3u.o
__vector_119                                      /usr/local/Cellar/avr-gcc/6.2.0/lib/gcc/avr/6.2.0/../../../../avr/lib/avrxmega6/crtatxmega256a3u.o
__vector_12                                       /usr/local/Cellar/avr-gcc/6.2.0/lib/gcc/avr/6.2.0/../../../../avr/lib/avrxmega6/crtatxmega256a3u.o
__vector_120                                      /usr/local/Cellar/avr-gcc/6.2.0/lib/gcc/avr/6.2.0/../../../../avr/lib/avrxmega6/crtatxmega256a3u.o
__vector_121                                      /usr/local/Cellar/avr-gcc/6.2.0/lib/gcc/avr/6.2.0/../../../../avr/lib/avrxmega6/crtatxmega256a3u.o
__vector_122                                      /usr/local/Cellar/avr-gcc/6.2.0/lib/gcc/avr/6.2.0/../../../../avr/lib/avrxmega6/crtatxmega256a3u.o
__vector_123                                      /usr/local/Cellar/avr-gcc/6.2.0/lib/gcc/avr/6.2.0/../../../../avr/lib/avrxmega6/crtatxmega256a3u.o
__vector_124                                      /usr/local/Cellar/avr-gcc/6.2.0/lib/gcc/avr/6.2.0/../../../../avr/lib/avrxmega6/crtatxmega256a3u.o
__vector_125                                      /usr/local/Cellar/avr-gcc/6.2.0/lib/gcc/avr/6.2.0/../../../../avr/lib/avrxmega6/crtatxmega256a3u.o
__vector_126                                      /usr/local/Cellar/avr-gcc/6.2.0/lib/gcc/avr/6.2.0/../../../../avr/lib/avrxmega6/crtatxmega256a3u.o
__vector_13                                       /usr/local/Cellar/avr-gcc/6.2.0/lib/gcc/avr/6.2.0/../../../../avr/lib/avrxmega6/crtatxmega256a3u.o
__vector_14                                       /usr/local/Cellar/avr-gcc/6.2.0/lib/gcc/avr/6.2.0/../../../../avr/lib/avrxmega6/crtatxmega256a3u.o
__vector_15                                       /usr/local/Cellar/avr-gcc/6.2.0/lib/gcc/avr/6.2.0/../../../../avr/lib/avrxmega6/crtatxmega256a3u.o
__vector_16                                       /usr/local/Cellar/avr-gcc/6.2.0/lib/gcc/avr/6.2.0/../../../../avr/lib/avrxmega6/crtatxmega256a3u.o
__vector_17                                       /usr/local/Cellar/avr-gcc/6.2.0/lib/gcc/avr/6.2.0/../../../../avr/lib/avrxmega6/crtatxmega256a3u.o
__vector_18                                       /usr/local/Cellar/avr-gcc/6.2.0/lib/gcc/avr/6.2.0/../../../../avr/lib/avrxmega6/crtatxmega256a3u.o
__vector_19                                       /usr/local/Cellar/avr-gcc/6.2.0/lib/gcc/avr/6.2.0/../../../../avr/lib/avrxmega6/crtatxmega256a3u.o
__vector_2                                        /usr/local/Cellar/avr-gcc/6.2.0/lib/gcc/avr/6.2.0/../../../../avr/lib/avrxmega6/crtatxmega256a3u.o
__vector_20                                       /usr/local/Cellar/avr-gcc/6.2.0/lib/gcc/avr/6.2.0/../../../../avr/lib/avrxmega6/crtatxmega256a3u.o
__vector_21                                       /usr/local/Cellar/avr-gcc/6.2.0/lib/gcc/avr/6.2.0/../../../../avr/lib/avrxmega6/crtatxmega256a3u.o
__vector_22                                       /usr/local/Cellar/avr-gcc/6.2.0/lib/gcc/avr/6.2.0/../../../../avr/lib/avrxmega6/crtatxmega256a3u.o
__vector_23                                       /usr/local/Cellar/avr-gcc/6.2.0/lib/gcc/avr/6.2.0/../../../../avr/lib/avrxmega6/crtatxmega256a3u.o
__vector_24                                       /usr/local/Cellar/avr-gcc/6.2.0/lib/gcc/avr/6.2.0/../../../../avr/lib/avrxmega6/crtatxmega256a3u.o
__vector_25                                       ./src/main.o
                                                  /usr/local/Cellar/avr-gcc/6.2.0/lib/gcc/avr/6.2.0/../../../../avr/lib/avrxmega6/crtatxmega256a3u.o
__vector_26                                       /usr/local/Cellar/avr-gcc/6.2.0/lib/gcc/avr/6.2.0/../../../../avr/lib/avrxmega6/crtatxmega256a3u.o
__vector_27                                       /usr/local/Cellar/avr-gcc/6.2.0/lib/gcc/avr/6.2.0/../../../../avr/lib/avrxmega6/crtatxmega256a3u.o
__vector_28                                       /usr/local/Cellar/avr-gcc/6.2.0/lib/gcc/avr/6.2.0/../../../../avr/lib/avrxmega6/crtatxmega256a3u.o
__vector_29                                       /usr/local/Cellar/avr-gcc/6.2.0/lib/gcc/avr/6.2.0/../../../../avr/lib/avrxmega6/crtatxmega256a3u.o
__vector_3                                        /usr/local/Cellar/avr-gcc/6.2.0/lib/gcc/avr/6.2.0/../../../../avr/lib/avrxmega6/crtatxmega256a3u.o
__vector_30                                       /usr/local/Cellar/avr-gcc/6.2.0/lib/gcc/avr/6.2.0/../../../../avr/lib/avrxmega6/crtatxmega256a3u.o
__vector_31                                       /usr/local/Cellar/avr-gcc/6.2.0/lib/gcc/avr/6.2.0/../../../../avr/lib/avrxmega6/crtatxmega256a3u.o
__vector_32                                       /usr/local/Cellar/avr-gcc/6.2.0/lib/gcc/avr/6.2.0/../../../../avr/lib/avrxmega6/crtatxmega256a3u.o
__vector_33                                       /usr/local/Cellar/avr-gcc/6.2.0/lib/gcc/avr/6.2.0/../../../../avr/lib/avrxmega6/crtatxmega256a3u.o
__vector_34                                       /usr/local/Cellar/avr-gcc/6.2.0/lib/gcc/avr/6.2.0/../../../../avr/lib/avrxmega6/crtatxmega256a3u.o
__vector_35                                       /usr/local/Cellar/avr-gcc/6.2.0/lib/gcc/avr/6.2.0/../../../../avr/lib/avrxmega6/crtatxmega256a3u.o
__vector_36                                       /usr/local/Cellar/avr-gcc/6.2.0/lib/gcc/avr/6.2.0/../../../../avr/lib/avrxmega6/crtatxmega256a3u.o
__vector_37                                       /usr/local/Cellar/avr-gcc/6.2.0/lib/gcc/avr/6.2.0/../../../../avr/lib/avrxmega6/crtatxmega256a3u.o
__vector_38                                       /usr/local/Cellar/avr-gcc/6.2.0/lib/gcc/avr/6.2.0/../../../../avr/lib/avrxmega6/crtatxmega256a3u.o
__vector_39                                       /usr/local/Cellar/avr-gcc/6.2.0/lib/gcc/avr/6.2.0/../../../../avr/lib/avrxmega6/crtatxmega256a3u.o
__vector_4                                        /usr/local/Cellar/avr-gcc/6.2.0/lib/gcc/avr/6.2.0/../../../../avr/lib/avrxmega6/crtatxmega256a3u.o
__vector_40                                       /usr/local/Cellar/avr-gcc/6.2.0/lib/gcc/avr/6.2.0/../../../../avr/lib/avrxmega6/crtatxmega256a3u.o
__vector_41                                       /usr/local/Cellar/avr-gcc/6.2.0/lib/gcc/avr/6.2.0/../../../../avr/lib/avrxmega6/crtatxmega256a3u.o
__vector_42                                       /usr/local/Cellar/avr-gcc/6.2.0/lib/gcc/avr/6.2.0/../../../../avr/lib/avrxmega6/crtatxmega256a3u.o
__vector_43                                       /usr/local/Cellar/avr-gcc/6.2.0/lib/gcc/avr/6.2.0/../../../../avr/lib/avrxmega6/crtatxmega256a3u.o
__vector_44                                       /usr/local/Cellar/avr-gcc/6.2.0/lib/gcc/avr/6.2.0/../../../../avr/lib/avrxmega6/crtatxmega256a3u.o
__vector_45                                       /usr/local/Cellar/avr-gcc/6.2.0/lib/gcc/avr/6.2.0/../../../../avr/lib/avrxmega6/crtatxmega256a3u.o
__vector_46                                       /usr/local/Cellar/avr-gcc/6.2.0/lib/gcc/avr/6.2.0/../../../../avr/lib/avrxmega6/crtatxmega256a3u.o
__vector_47                                       /usr/local/Cellar/avr-gcc/6.2.0/lib/gcc/avr/6.2.0/../../../../avr/lib/avrxmega6/crtatxmega256a3u.o
__vector_48                                       /usr/local/Cellar/avr-gcc/6.2.0/lib/gcc/avr/6.2.0/../../../../avr/lib/avrxmega6/crtatxmega256a3u.o
__vector_49                                       /usr/local/Cellar/avr-gcc/6.2.0/lib/gcc/avr/6.2.0/../../../../avr/lib/avrxmega6/crtatxmega256a3u.o
__vector_5                                        /usr/local/Cellar/avr-gcc/6.2.0/lib/gcc/avr/6.2.0/../../../../avr/lib/avrxmega6/crtatxmega256a3u.o
__vector_50                                       /usr/local/Cellar/avr-gcc/6.2.0/lib/gcc/avr/6.2.0/../../../../avr/lib/avrxmega6/crtatxmega256a3u.o
__vector_51                                       /usr/local/Cellar/avr-gcc/6.2.0/lib/gcc/avr/6.2.0/../../../../avr/lib/avrxmega6/crtatxmega256a3u.o
__vector_52                                       /usr/local/Cellar/avr-gcc/6.2.0/lib/gcc/avr/6.2.0/../../../../avr/lib/avrxmega6/crtatxmega256a3u.o
__vector_53                                       /usr/local/Cellar/avr-gcc/6.2.0/lib/gcc/avr/6.2.0/../../../../avr/lib/avrxmega6/crtatxmega256a3u.o
__vector_54                                       /usr/local/Cellar/avr-gcc/6.2.0/lib/gcc/avr/6.2.0/../../../../avr/lib/avrxmega6/crtatxmega256a3u.o
__vector_55                                       /usr/local/Cellar/avr-gcc/6.2.0/lib/gcc/avr/6.2.0/../../../../avr/lib/avrxmega6/crtatxmega256a3u.o
__vector_56                                       /usr/local/Cellar/avr-gcc/6.2.0/lib/gcc/avr/6.2.0/../../../../avr/lib/avrxmega6/crtatxmega256a3u.o
__vector_57                                       /usr/local/Cellar/avr-gcc/6.2.0/lib/gcc/avr/6.2.0/../../../../avr/lib/avrxmega6/crtatxmega256a3u.o
__vector_58                                       /usr/local/Cellar/avr-gcc/6.2.0/lib/gcc/avr/6.2.0/../../../../avr/lib/avrxmega6/crtatxmega256a3u.o
__vector_59                                       /usr/local/Cellar/avr-gcc/6.2.0/lib/gcc/avr/6.2.0/../../../../avr/lib/avrxmega6/crtatxmega256a3u.o
__vector_6                                        /usr/local/Cellar/avr-gcc/6.2.0/lib/gcc/avr/6.2.0/../../../../avr/lib/avrxmega6/crtatxmega256a3u.o
__vector_60                                       /usr/local/Cellar/avr-gcc/6.2.0/lib/gcc/avr/6.2.0/../../../../avr/lib/avrxmega6/crtatxmega256a3u.o
__vector_61                                       /usr/local/Cellar/avr-gcc/6.2.0/lib/gcc/avr/6.2.0/../../../../avr/lib/avrxmega6/crtatxmega256a3u.o
__vector_62                                       /usr/local/Cellar/avr-gcc/6.2.0/lib/gcc/avr/6.2.0/../../../../avr/lib/avrxmega6/crtatxmega256a3u.o
__vector_63                                       /usr/local/Cellar/avr-gcc/6.2.0/lib/gcc/avr/6.2.0/../../../../avr/lib/avrxmega6/crtatxmega256a3u.o
__vector_64                                       /usr/local/Cellar/avr-gcc/6.2.0/lib/gcc/avr/6.2.0/../../../../avr/lib/avrxmega6/crtatxmega256a3u.o
__vector_65                                       /usr/local/Cellar/avr-gcc/6.2.0/lib/gcc/avr/6.2.0/../../../../avr/lib/avrxmega6/crtatxmega256a3u.o
__vector_66                                       /usr/local/Cellar/avr-gcc/6.2.0/lib/gcc/avr/6.2.0/../../../../avr/lib/avrxmega6/crtatxmega256a3u.o
__vector_67                                       /usr/local/Cellar/avr-gcc/6.2.0/lib/gcc/avr/6.2.0/../../../../avr/lib/avrxmega6/crtatxmega256a3u.o
__vector_68                                       /usr/local/Cellar/avr-gcc/6.2.0/lib/gcc/avr/6.2.0/../../../../avr/lib/avrxmega6/crtatxmega256a3u.o
__vector_69                                       /usr/local/Cellar/avr-gcc/6.2.0/lib/gcc/avr/6.2.0/../../../../avr/lib/avrxmega6/crtatxmega256a3u.o
__vector_7                                        /usr/local/Cellar/avr-gcc/6.2.0/lib/gcc/avr/6.2.0/../../../../avr/lib/avrxmega6/crtatxmega256a3u.o
__vector_70                                       /usr/local/Cellar/avr-gcc/6.2.0/lib/gcc/avr/6.2.0/../../../../avr/lib/avrxmega6/crtatxmega256a3u.o
__vector_71                                       /usr/local/Cellar/avr-gcc/6.2.0/lib/gcc/avr/6.2.0/../../../../avr/lib/avrxmega6/crtatxmega256a3u.o
__vector_72                                       /usr/local/Cellar/avr-gcc/6.2.0/lib/gcc/avr/6.2.0/../../../../avr/lib/avrxmega6/crtatxmega256a3u.o
__vector_73                                       /usr/local/Cellar/avr-gcc/6.2.0/lib/gcc/avr/6.2.0/../../../../avr/lib/avrxmega6/crtatxmega256a3u.o
__vector_74                                       /usr/local/Cellar/avr-gcc/6.2.0/lib/gcc/avr/6.2.0/../../../../avr/lib/avrxmega6/crtatxmega256a3u.o
__vector_75                                       /usr/local/Cellar/avr-gcc/6.2.0/lib/gcc/avr/6.2.0/../../../../avr/lib/avrxmega6/crtatxmega256a3u.o
__vector_76                                       /usr/local/Cellar/avr-gcc/6.2.0/lib/gcc/avr/6.2.0/../../../../avr/lib/avrxmega6/crtatxmega256a3u.o
__vector_77                                       /usr/local/Cellar/avr-gcc/6.2.0/lib/gcc/avr/6.2.0/../../../../avr/lib/avrxmega6/crtatxmega256a3u.o
__vector_78                                       /usr/local/Cellar/avr-gcc/6.2.0/lib/gcc/avr/6.2.0/../../../../avr/lib/avrxmega6/crtatxmega256a3u.o
__vector_79                                       /usr/local/Cellar/avr-gcc/6.2.0/lib/gcc/avr/6.2.0/../../../../avr/lib/avrxmega6/crtatxmega256a3u.o
__vector_8                                        /usr/local/Cellar/avr-gcc/6.2.0/lib/gcc/avr/6.2.0/../../../../avr/lib/avrxmega6/crtatxmega256a3u.o
__vector_80                                       /usr/local/Cellar/avr-gcc/6.2.0/lib/gcc/avr/6.2.0/../../../../avr/lib/avrxmega6/crtatxmega256a3u.o
__vector_81                                       /usr/local/Cellar/avr-gcc/6.2.0/lib/gcc/avr/6.2.0/../../../../avr/lib/avrxmega6/crtatxmega256a3u.o
__vector_82                                       /usr/local/Cellar/avr-gcc/6.2.0/lib/gcc/avr/6.2.0/../../../../avr/lib/avrxmega6/crtatxmega256a3u.o
__vector_83                                       /usr/local/Cellar/avr-gcc/6.2.0/lib/gcc/avr/6.2.0/../../../../avr/lib/avrxmega6/crtatxmega256a3u.o
__vector_84                                       /usr/local/Cellar/avr-gcc/6.2.0/lib/gcc/avr/6.2.0/../../../../avr/lib/avrxmega6/crtatxmega256a3u.o
__vector_85                                       /usr/local/Cellar/avr-gcc/6.2.0/lib/gcc/avr/6.2.0/../../../../avr/lib/avrxmega6/crtatxmega256a3u.o
__vector_86                                       /usr/local/Cellar/avr-gcc/6.2.0/lib/gcc/avr/6.2.0/../../../../avr/lib/avrxmega6/crtatxmega256a3u.o
__vector_87                                       /usr/local/Cellar/avr-gcc/6.2.0/lib/gcc/avr/6.2.0/../../../../avr/lib/avrxmega6/crtatxmega256a3u.o
__vector_88                                       /usr/local/Cellar/avr-gcc/6.2.0/lib/gcc/avr/6.2.0/../../../../avr/lib/avrxmega6/crtatxmega256a3u.o
__vector_89                                       /usr/local/Cellar/avr-gcc/6.2.0/lib/gcc/avr/6.2.0/../../../../avr/lib/avrxmega6/crtatxmega256a3u.o
__vector_9                                        /usr/local/Cellar/avr-gcc/6.2.0/lib/gcc/avr/6.2.0/../../../../avr/lib/avrxmega6/crtatxmega256a3u.o
__vector_90                                       /usr/local/Cellar/avr-gcc/6.2.0/lib/gcc/avr/6.2.0/../../../../avr/lib/avrxmega6/crtatxmega256a3u.o
__vector_91                                       /usr/local/Cellar/avr-gcc/6.2.0/lib/gcc/avr/6.2.0/../../../../avr/lib/avrxmega6/crtatxmega256a3u.o
__vector_92                                       /usr/local/Cellar/avr-gcc/6.2.0/lib/gcc/avr/6.2.0/../../../../avr/lib/avrxmega6/crtatxmega256a3u.o
__vector_93                                       /usr/local/Cellar/avr-gcc/6.2.0/lib/gcc/avr/6.2.0/../../../../avr/lib/avrxmega6/crtatxmega256a3u.o
__vector_94                                       /usr/local/Cellar/avr-gcc/6.2.0/lib/gcc/avr/6.2.0/../../../../avr/lib/avrxmega6/crtatxmega256a3u.o
__vector_95                                       /usr/local/Cellar/avr-gcc/6.2.0/lib/gcc/avr/6.2.0/../../../../avr/lib/avrxmega6/crtatxmega256a3u.o
__vector_96                                       /usr/local/Cellar/avr-gcc/6.2.0/lib/gcc/avr/6.2.0/../../../../avr/lib/avrxmega6/crtatxmega256a3u.o
__vector_97                                       /usr/local/Cellar/avr-gcc/6.2.0/lib/gcc/avr/6.2.0/../../../../avr/lib/avrxmega6/crtatxmega256a3u.o
__vector_98                                       /usr/local/Cellar/avr-gcc/6.2.0/lib/gcc/avr/6.2.0/../../../../avr/lib/avrxmega6/crtatxmega256a3u.o
__vector_99                                       /usr/local/Cellar/avr-gcc/6.2.0/lib/gcc/avr/6.2.0/../../../../avr/lib/avrxmega6/crtatxmega256a3u.o
__vector_default                                  /usr/local/Cellar/avr-gcc/6.2.0/lib/gcc/avr/6.2.0/../../../../avr/lib/avrxmega6/crtatxmega256a3u.o
__vectors                                         /usr/local/Cellar/avr-gcc/6.2.0/lib/gcc/avr/6.2.0/../../../../avr/lib/avrxmega6/crtatxmega256a3u.o
_exit                                             /usr/local/Cellar/avr-gcc/6.2.0/lib/gcc/avr/6.2.0/avrxmega6/libgcc.a(_exit.o)
c                                                 ./src/main.o
exit                                              /usr/local/Cellar/avr-gcc/6.2.0/lib/gcc/avr/6.2.0/avrxmega6/libgcc.a(_exit.o)
                                                  /usr/local/Cellar/avr-gcc/6.2.0/lib/gcc/avr/6.2.0/../../../../avr/lib/avrxmega6/crtatxmega256a3u.o
fgetc                                             /usr/local/Cellar/avr-gcc/6.2.0/lib/gcc/avr/6.2.0/../../../../avr/lib/avrxmega6/libc.a(fgetc.o)
                                                  /usr/local/Cellar/avr-gcc/6.2.0/lib/gcc/avr/6.2.0/../../../../avr/lib/avrxmega6/libscanf_flt.a(vfscanf_flt.o)
fputc                                             /usr/local/Cellar/avr-gcc/6.2.0/lib/gcc/avr/6.2.0/../../../../avr/lib/avrxmega6/libc.a(fputc.o)
                                                  /usr/local/Cellar/avr-gcc/6.2.0/lib/gcc/avr/6.2.0/../../../../avr/lib/avrxmega6/libprintf_flt.a(vfprintf_flt.o)
isspace                                           /usr/local/Cellar/avr-gcc/6.2.0/lib/gcc/avr/6.2.0/../../../../avr/lib/avrxmega6/libc.a(isspace.o)
                                                  /usr/local/Cellar/avr-gcc/6.2.0/lib/gcc/avr/6.2.0/../../../../avr/lib/avrxmega6/libscanf_flt.a(vfscanf_flt.o)
main                                              ./src/main.o
                                                  /usr/local/Cellar/avr-gcc/6.2.0/lib/gcc/avr/6.2.0/../../../../avr/lib/avrxmega6/crtatxmega256a3u.o
puts                                              /usr/local/Cellar/avr-gcc/6.2.0/lib/gcc/avr/6.2.0/../../../../avr/lib/avrxmega6/libc.a(puts.o)
                                                  ./src/main.o
setUp32MHzInternalOsc                             ./src/usartC0.o
strchr_P                                          /usr/local/Cellar/avr-gcc/6.2.0/lib/gcc/avr/6.2.0/../../../../avr/lib/avrxmega6/libc.a(strchr_P.o)
                                                  /usr/local/Cellar/avr-gcc/6.2.0/lib/gcc/avr/6.2.0/../../../../avr/lib/avrxmega6/libscanf_flt.a(vfscanf_flt.o)
strnlen                                           /usr/local/Cellar/avr-gcc/6.2.0/lib/gcc/avr/6.2.0/../../../../avr/lib/avrxmega6/libc.a(strnlen.o)
                                                  /usr/local/Cellar/avr-gcc/6.2.0/lib/gcc/avr/6.2.0/../../../../avr/lib/avrxmega6/libprintf_flt.a(vfprintf_flt.o)
strnlen_P                                         /usr/local/Cellar/avr-gcc/6.2.0/lib/gcc/avr/6.2.0/../../../../avr/lib/avrxmega6/libc.a(strnlen_P.o)
                                                  /usr/local/Cellar/avr-gcc/6.2.0/lib/gcc/avr/6.2.0/../../../../avr/lib/avrxmega6/libprintf_flt.a(vfprintf_flt.o)
tolower                                           /usr/local/Cellar/avr-gcc/6.2.0/lib/gcc/avr/6.2.0/../../../../avr/lib/avrxmega6/libc.a(tolower.o)
                                                  /usr/local/Cellar/avr-gcc/6.2.0/lib/gcc/avr/6.2.0/../../../../avr/lib/avrxmega6/libscanf_flt.a(vfscanf_flt.o)
ungetc                                            /usr/local/Cellar/avr-gcc/6.2.0/lib/gcc/avr/6.2.0/../../../../avr/lib/avrxmega6/libc.a(ungetc.o)
                                                  /usr/local/Cellar/avr-gcc/6.2.0/lib/gcc/avr/6.2.0/../../../../avr/lib/avrxmega6/libscanf_flt.a(vfscanf_flt.o)
usartFlush                                        ./src/usartC0.o
                                                  ./src/main.o
usartInit                                         ./src/usartC0.o
                                                  ./src/main.o
usartInterruptInit                                ./src/usartC0.o
                                                  ./src/main.o
usartRx                                           ./src/usartC0.o
                                                  ./src/main.o
usartTx                                           ./src/usartC0.o
usartTxString                                     ./src/usartC0.o
usartio                                           ./src/usartC0.o
vfprintf                                          /usr/local/Cellar/avr-gcc/6.2.0/lib/gcc/avr/6.2.0/../../../../avr/lib/avrxmega6/libprintf_flt.a(vfprintf_flt.o)
vfscanf                                           /usr/local/Cellar/avr-gcc/6.2.0/lib/gcc/avr/6.2.0/../../../../avr/lib/avrxmega6/libscanf_flt.a(vfscanf_flt.o)
